// Jest Snapshot v1, https://goo.gl/fbAQLP

exports[`DatetimeInput matches snapshot 1`] = `
<DocumentFragment>
  <div
    class="react-datepicker-wrapper"
  >
    <div
      class="react-datepicker__input-container"
    >
      <input
        autocomplete="off"
        class="tec-datetimeInput "
        type="text"
        value=""
      />
    </div>
  </div>
</DocumentFragment>
`;
