// Jest Snapshot v1, https://goo.gl/fbAQLP

exports[`RadioButtonInput matches snapshot 1`] = `
<DocumentFragment>
  .c0 {
  cursor: pointer;
  box-sizing: border-box;
  margin: 0px;
}

.c0:disabled {
  cursor: not-allowed;
}

<input
    class="c0 tec-radioButtonInput "
    type="radio"
  />
</DocumentFragment>
`;
