// Jest Snapshot v1, https://goo.gl/fbAQLP

exports[`PopupForm matches snapshot 1`] = `
<DocumentFragment>
  .c3 {
  position: relative;
  width: 100%;
  margin: 0px auto;
  box-sizing: border-box;
}

.c6 {
  position: relative;
  display: block;
  width: 100%;
  font-size: 18px;
  padding: 5px 20px;
  text-align: center;
  cursor: pointer;
  border-radius: 5px;
  box-sizing: border-box;
  margin: 0px;
  border: 1px solid;
  -webkit-transition: color 0.2s ease-in,background-color 0.2s ease-in, border 0.2s ease-in;
  transition: color 0.2s ease-in,background-color 0.2s ease-in, border 0.2s ease-in;
}

.c6:hover,
.c6:active {
  border: 1px solid;
}

.c6:disabled {
  cursor: not-allowed;
  border: 1px solid;
}

.c0 {
  position: fixed;
  width: 100%;
  height: 100%;
  left: 0;
  right: 0;
  top: 0;
  bottom: 0;
  background-color: rgba(0,0,0,0.5);
  z-index: 1000;
  overflow-y: auto;
  -webkit-transition: visibility 0.25s ease-in-out,opacity 0.25s ease-in-out;
  transition: visibility 0.25s ease-in-out,opacity 0.25s ease-in-out;
  opacity: 1;
  visibility: visible;
}

.c2 {
  position: relative;
  border-radius: 20px;
  margin: 50px auto;
  max-width: 650px;
}

.c1 .PopupContent {
  width: 90%;
  max-width: 650px;
  margin: 100px auto;
}

.c4 {
  padding: 30px;
}

.c5 {
  display: -webkit-box;
  display: -webkit-flex;
  display: -ms-flexbox;
  display: flex;
  -webkit-align-items: center;
  -webkit-box-align: center;
  -ms-flex-align: center;
  align-items: center;
  -webkit-box-pack: center;
  -webkit-justify-content: center;
  -ms-flex-pack: center;
  justify-content: center;
}

.c7 {
  border-top: 1px solid;
  border-right: 1px solid;
  border-bottom: none;
  border-left: none;
  border-top-left-radius: 0px;
  border-top-right-radius: 0px;
  border-bottom-left-radius: 20px;
  border-bottom-right-radius: 0px;
  padding-top: 15px;
  padding-bottom: 15px;
  font-size: 18px;
}

.c7:active,
.c7:hover {
  border-top: 1px solid;
  border-right: 1px solid;
  border-bottom: none;
  border-left: none;
}

.c8 {
  border-top: 1px solid;
  border-right: none;
  border-bottom: none;
  border-left: 1px solid;
  border-top-left-radius: 0px;
  border-top-right-radius: 0px;
  border-bottom-left-radius: 0px;
  border-bottom-right-radius: 20px;
  padding-top: 15px;
  padding-bottom: 15px;
  font-size: 18px;
}

.c8:active,
.c8:hover {
  border-top: 1px solid;
  border-right: none;
  border-bottom: none;
  border-left: 1px solid;
}

<div
    class="c0 tec-popup c1 tec-popupForm "
  >
    <div
      class="c2 tec-popupContent"
    >
      <form
        class="c3 tec-form tec-popupFormForm"
      >
        <div
          class="c4 tec-popupFormContent"
        />
        <div
          class="c5 tec-popupFormButtonContainer"
        >
          <button
            class="c6 tec-button c7 tec-popupFormButton PopupFormLeftButton"
            type="button"
          >
            Cancel
          </button>
          <button
            class="c6 tec-button c8 tec-popupFormButton PopupFormRightButton"
            type="submit"
          >
            Submit
          </button>
        </div>
      </form>
    </div>
  </div>
</DocumentFragment>
`;
