// Jest Snapshot v1, https://goo.gl/fbAQLP

exports[`TELabel matches snapshot 1`] = `
<DocumentFragment>
  .c0 {
  position: relative;
  display: block;
  width: auto;
  box-sizing: border-box;
  margin-bottom: 3px;
  font-size: 18px;
  cursor: default;
}

@media (max-width:550px) {
  .c0 {
    font-size: 16px;
  }
}

<label
    class="c0 TELabel "
  />
</DocumentFragment>
`;
