// Jest Snapshot v1, https://goo.gl/fbAQLP

exports[`Alert matches snapshot 1`] = `
<DocumentFragment>
  .c3 {
  position: relative;
  display: block;
  width: 100%;
  font-size: 18px;
  padding: 5px 20px;
  text-align: center;
  cursor: pointer;
  border-radius: 5px;
  box-sizing: border-box;
  margin: 0px;
  border: 1px solid;
  -webkit-transition: color 0.2s ease-in,background-color 0.2s ease-in, border 0.2s ease-in;
  transition: color 0.2s ease-in,background-color 0.2s ease-in, border 0.2s ease-in;
}

.c3:hover,
.c3:active {
  border: 1px solid;
}

.c3:disabled {
  cursor: not-allowed;
  border: 1px solid;
}

.c0 {
  position: fixed;
  width: 100%;
  height: 100%;
  left: 0;
  right: 0;
  top: 0;
  bottom: 0;
  background-color: rgba(0,0,0,0.5);
  z-index: 1000;
  overflow-y: auto;
  -webkit-transition: visibility 0.25s ease-in-out,opacity 0.25s ease-in-out;
  transition: visibility 0.25s ease-in-out,opacity 0.25s ease-in-out;
  opacity: 1;
  visibility: visible;
}

.c2 {
  position: relative;
  border-radius: 20px;
  margin: 50px auto;
  max-width: 650px;
}

.c1 .PopupContent {
  width: 90%;
  max-width: 600px;
  margin: 100px auto;
}

.c4 {
  border-top: 1px solid;
  border-right: none;
  border-bottom: none;
  border-left: none;
  line-height: 2;
  border-top-left-radius: 0px;
  border-top-right-radius: 0px;
  border-bottom-left-radius: 20px;
  border-bottom-right-radius: 20px;
  -webkit-transition: border 0.2s ease-in,color 0.2s ease-in, background-color 0.2s ease-in;
  transition: border 0.2s ease-in,color 0.2s ease-in, background-color 0.2s ease-in;
}

.c4:active,
.c4:hover {
  border-top: 1px solid;
  border-right: none;
  border-bottom: none;
  border-left: none;
}

<div
    class="c0 tec-popup c1 tec-alert "
  >
    <div
      class="c2 tec-popupContent"
    >
      <button
        class="c3 tec-button c4 tec-alertButton"
        type="button"
      >
        Okay
      </button>
    </div>
  </div>
</DocumentFragment>
`;
