// Jest Snapshot v1, https://goo.gl/fbAQLP

exports[`TEDatetimeRow matches snapshot 1`] = `
<DocumentFragment>
  <div
    class="sc-bdnylx bbvaGu TERow TEDatetimeRow "
  >
    <div
      class="react-datepicker-wrapper"
    >
      <div
        class="react-datepicker__input-container"
      >
        <input
          autocomplete="off"
          class="TEDatetimeInput TEDatetimeRowDateInput"
          id="myDatetimeRow"
          type="text"
          value=""
        />
      </div>
    </div>
  </div>
</DocumentFragment>
`;
